Archive member included to satisfy reference by file (symbol)

C:/ST/STM32CubeIDE_1.13.1/STM32CubeIDE/plugins/com.st.stm32cube.ide.mcu.externaltools.gnu-tools-for-stm32.11.3.rel1.win32_1.1.0.202305231506/tools/bin/../lib/gcc/arm-none-eabi/11.3.1/../../../../arm-none-eabi/lib/thumb/v7-m/nofp\libc_nano.a(libc_a-exit.o)
                              C:/ST/STM32CubeIDE_1.13.1/STM32CubeIDE/plugins/com.st.stm32cube.ide.mcu.externaltools.gnu-tools-for-stm32.11.3.rel1.win32_1.1.0.202305231506/tools/bin/../lib/gcc/arm-none-eabi/11.3.1/../../../../arm-none-eabi/lib/thumb/v7-m/nofp/crt0.o (exit)
C:/ST/STM32CubeIDE_1.13.1/STM32CubeIDE/plugins/com.st.stm32cube.ide.mcu.externaltools.gnu-tools-for-stm32.11.3.rel1.win32_1.1.0.202305231506/tools/bin/../lib/gcc/arm-none-eabi/11.3.1/../../../../arm-none-eabi/lib/thumb/v7-m/nofp\libc_nano.a(libc_a-findfp.o)
                              C:/ST/STM32CubeIDE_1.13.1/STM32CubeIDE/plugins/com.st.stm32cube.ide.mcu.externaltools.gnu-tools-for-stm32.11.3.rel1.win32_1.1.0.202305231506/tools/bin/../lib/gcc/arm-none-eabi/11.3.1/../../../../arm-none-eabi/lib/thumb/v7-m/nofp\libc_nano.a(libc_a-exit.o) (__stdio_exit_handler)
C:/ST/STM32CubeIDE_1.13.1/STM32CubeIDE/plugins/com.st.stm32cube.ide.mcu.externaltools.gnu-tools-for-stm32.11.3.rel1.win32_1.1.0.202305231506/tools/bin/../lib/gcc/arm-none-eabi/11.3.1/../../../../arm-none-eabi/lib/thumb/v7-m/nofp\libc_nano.a(libc_a-fwalk.o)
                              C:/ST/STM32CubeIDE_1.13.1/STM32CubeIDE/plugins/com.st.stm32cube.ide.mcu.externaltools.gnu-tools-for-stm32.11.3.rel1.win32_1.1.0.202305231506/tools/bin/../lib/gcc/arm-none-eabi/11.3.1/../../../../arm-none-eabi/lib/thumb/v7-m/nofp\libc_nano.a(libc_a-findfp.o) (_fwalk_sglue)
C:/ST/STM32CubeIDE_1.13.1/STM32CubeIDE/plugins/com.st.stm32cube.ide.mcu.externaltools.gnu-tools-for-stm32.11.3.rel1.win32_1.1.0.202305231506/tools/bin/../lib/gcc/arm-none-eabi/11.3.1/../../../../arm-none-eabi/lib/thumb/v7-m/nofp\libc_nano.a(libc_a-stdio.o)
                              C:/ST/STM32CubeIDE_1.13.1/STM32CubeIDE/plugins/com.st.stm32cube.ide.mcu.externaltools.gnu-tools-for-stm32.11.3.rel1.win32_1.1.0.202305231506/tools/bin/../lib/gcc/arm-none-eabi/11.3.1/../../../../arm-none-eabi/lib/thumb/v7-m/nofp\libc_nano.a(libc_a-findfp.o) (__sread)
C:/ST/STM32CubeIDE_1.13.1/STM32CubeIDE/plugins/com.st.stm32cube.ide.mcu.externaltools.gnu-tools-for-stm32.11.3.rel1.win32_1.1.0.202305231506/tools/bin/../lib/gcc/arm-none-eabi/11.3.1/../../../../arm-none-eabi/lib/thumb/v7-m/nofp\libc_nano.a(libc_a-memset.o)
                              C:/ST/STM32CubeIDE_1.13.1/STM32CubeIDE/plugins/com.st.stm32cube.ide.mcu.externaltools.gnu-tools-for-stm32.11.3.rel1.win32_1.1.0.202305231506/tools/bin/../lib/gcc/arm-none-eabi/11.3.1/../../../../arm-none-eabi/lib/thumb/v7-m/nofp/crt0.o (memset)
C:/ST/STM32CubeIDE_1.13.1/STM32CubeIDE/plugins/com.st.stm32cube.ide.mcu.externaltools.gnu-tools-for-stm32.11.3.rel1.win32_1.1.0.202305231506/tools/bin/../lib/gcc/arm-none-eabi/11.3.1/../../../../arm-none-eabi/lib/thumb/v7-m/nofp\libc_nano.a(libc_a-closer.o)
                              C:/ST/STM32CubeIDE_1.13.1/STM32CubeIDE/plugins/com.st.stm32cube.ide.mcu.externaltools.gnu-tools-for-stm32.11.3.rel1.win32_1.1.0.202305231506/tools/bin/../lib/gcc/arm-none-eabi/11.3.1/../../../../arm-none-eabi/lib/thumb/v7-m/nofp\libc_nano.a(libc_a-stdio.o) (_close_r)
C:/ST/STM32CubeIDE_1.13.1/STM32CubeIDE/plugins/com.st.stm32cube.ide.mcu.externaltools.gnu-tools-for-stm32.11.3.rel1.win32_1.1.0.202305231506/tools/bin/../lib/gcc/arm-none-eabi/11.3.1/../../../../arm-none-eabi/lib/thumb/v7-m/nofp\libc_nano.a(libc_a-reent.o)
                              C:/ST/STM32CubeIDE_1.13.1/STM32CubeIDE/plugins/com.st.stm32cube.ide.mcu.externaltools.gnu-tools-for-stm32.11.3.rel1.win32_1.1.0.202305231506/tools/bin/../lib/gcc/arm-none-eabi/11.3.1/../../../../arm-none-eabi/lib/thumb/v7-m/nofp\libc_nano.a(libc_a-closer.o) (errno)
C:/ST/STM32CubeIDE_1.13.1/STM32CubeIDE/plugins/com.st.stm32cube.ide.mcu.externaltools.gnu-tools-for-stm32.11.3.rel1.win32_1.1.0.202305231506/tools/bin/../lib/gcc/arm-none-eabi/11.3.1/../../../../arm-none-eabi/lib/thumb/v7-m/nofp\libc_nano.a(libc_a-impure.o)
                              C:/ST/STM32CubeIDE_1.13.1/STM32CubeIDE/plugins/com.st.stm32cube.ide.mcu.externaltools.gnu-tools-for-stm32.11.3.rel1.win32_1.1.0.202305231506/tools/bin/../lib/gcc/arm-none-eabi/11.3.1/../../../../arm-none-eabi/lib/thumb/v7-m/nofp\libc_nano.a(libc_a-reent.o) (_impure_ptr)
C:/ST/STM32CubeIDE_1.13.1/STM32CubeIDE/plugins/com.st.stm32cube.ide.mcu.externaltools.gnu-tools-for-stm32.11.3.rel1.win32_1.1.0.202305231506/tools/bin/../lib/gcc/arm-none-eabi/11.3.1/../../../../arm-none-eabi/lib/thumb/v7-m/nofp\libc_nano.a(libc_a-lseekr.o)
[...]
Memory Configuration

Name             Origin             Length             Attributes
RAM              0x0000000020000000 0x0000000000005000 xrw
FLASH            0x0000000008000000 0x0000000000010000 xr
*default*        0x0000000000000000 0xffffffffffffffff

Linker script and memory map

LOAD C:/ST/STM32CubeIDE_1.13.1/STM32CubeIDE/plugins/com.st.stm32cube.ide.mcu.externaltools.gnu-tools-for-stm32.11.3.rel1.win32_1.1.0.202305231506/tools/bin/../lib/gcc/arm-none-eabi/11.3.1/thumb/v7-m/nofp/crti.o
LOAD C:/ST/STM32CubeIDE_1.13.1/STM32CubeIDE/plugins/com.st.stm32cube.ide.mcu.externaltools.gnu-tools-for-stm32.11.3.rel1.win32_1.1.0.202305231506/tools/bin/../lib/gcc/arm-none-eabi/11.3.1/thumb/v7-m/nofp/crtbegin.o
LOAD C:/ST/STM32CubeIDE_1.13.1/STM32CubeIDE/plugins/com.st.stm32cube.ide.mcu.externaltools.gnu-tools-for-stm32.11.3.rel1.win32_1.1.0.202305231506/tools/bin/../lib/gcc/arm-none-eabi/11.3.1/../../../../arm-none-eabi/lib/thumb/v7-m/nofp/crt0.o
LOAD ./Src/GPIO_Prog.o
LOAD ./Src/LED_Program.o
LOAD ./Src/RCC_Program.o
LOAD ./Src/SSD_Prog.o
LOAD ./Src/Systick_Prog.o
LOAD ./Src/main.o
LOAD ./Src/syscalls.o
LOAD ./Src/sysmem.o
LOAD ./Startup/startup_stm32f103c8tx.o
START GROUP
LOAD C:/ST/STM32CubeIDE_1.13.1/STM32CubeIDE/plugins/com.st.stm32cube.ide.mcu.externaltools.gnu-tools-for-stm32.11.3.rel1.win32_1.1.0.202305231506/tools/bin/../lib/gcc/arm-none-eabi/11.3.1/../../../../arm-none-eabi/lib/thumb/v7-m/nofp\libc_nano.a
LOAD C:/ST/STM32CubeIDE_1.13.1/STM32CubeIDE/plugins/com.st.stm32cube.ide.mcu.externaltools.gnu-tools-for-stm32.11.3.rel1.win32_1.1.0.202305231506/tools/bin/../lib/gcc/arm-none-eabi/11.3.1/../../../../arm-none-eabi/lib/thumb/v7-m/nofp\libm.a
END GROUP
START GROUP
LOAD C:/ST/STM32CubeIDE_1.13.1/STM32CubeIDE/plugins/com.st.stm32cube.ide.mcu.externaltools.gnu-tools-for-stm32.11.3.rel1.win32_1.1.0.202305231506/tools/bin/../lib/gcc/arm-none-eabi/11.3.1/thumb/v7-m/nofp\libgcc.a
LOAD C:/ST/STM32CubeIDE_1.13.1/STM32CubeIDE/plugins/com.st.stm32cube.ide.mcu.externaltools.gnu-tools-for-stm32.11.3.rel1.win32_1.1.0.202305231506/tools/bin/../lib/gcc/arm-none-eabi/11.3.1/../../../../arm-none-eabi/lib/thumb/v7-m/nofp\libc_nano.a
END GROUP
START GROUP
LOAD C:/ST/STM32CubeIDE_1.13.1/STM32CubeIDE/plugins/com.st.stm32cube.ide.mcu.externaltools.gnu-tools-for-stm32.11.3.rel1.win32_1.1.0.202305231506/tools/bin/../lib/gcc/arm-none-eabi/11.3.1/thumb/v7-m/nofp\libgcc.a
LOAD C:/ST/STM32CubeIDE_1.13.1/STM32CubeIDE/plugins/com.st.stm32cube.ide.mcu.externaltools.gnu-tools-for-stm32.11.3.rel1.win32_1.1.0.202305231506/tools/bin/../lib/gcc/arm-none-eabi/11.3.1/../../../../arm-none-eabi/lib/thumb/v7-m/nofp\libc_nano.a
LOAD C:/ST/STM32CubeIDE_1.13.1/STM32CubeIDE/plugins/com.st.stm32cube.ide.mcu.externaltools.gnu-tools-for-stm32.11.3.rel1.win32_1.1.0.202305231506/tools/bin/../lib/gcc/arm-none-eabi/11.3.1/../../../../arm-none-eabi/lib/thumb/v7-m/nofp\libnosys.a
END GROUP
START GROUP
LOAD C:/ST/STM32CubeIDE_1.13.1/STM32CubeIDE/plugins/com.st.stm32cube.ide.mcu.externaltools.gnu-tools-for-stm32.11.3.rel1.win32_1.1.0.202305231506/tools/bin/../lib/gcc/arm-none-eabi/11.3.1/thumb/v7-m/nofp\libgcc.a
LOAD C:/ST/STM32CubeIDE_1.13.1/STM32CubeIDE/plugins/com.st.stm32cube.ide.mcu.externaltools.gnu-tools-for-stm32.11.3.rel1.win32_1.1.0.202305231506/tools/bin/../lib/gcc/arm-none-eabi/11.3.1/../../../../arm-none-eabi/lib/thumb/v7-m/nofp\libc_nano.a
LOAD C:/ST/STM32CubeIDE_1.13.1/STM32CubeIDE/plugins/com.st.stm32cube.ide.mcu.externaltools.gnu-tools-for-stm32.11.3.rel1.win32_1.1.0.202305231506/tools/bin/../lib/gcc/arm-none-eabi/11.3.1/../../../../arm-none-eabi/lib/thumb/v7-m/nofp\libnosys.a
END GROUP
LOAD C:/ST/STM32CubeIDE_1.13.1/STM32CubeIDE/plugins/com.st.stm32cube.ide.mcu.externaltools.gnu-tools-for-stm32.11.3.rel1.win32_1.1.0.202305231506/tools/bin/../lib/gcc/arm-none-eabi/11.3.1/thumb/v7-m/nofp/crtend.o
LOAD C:/ST/STM32CubeIDE_1.13.1/STM32CubeIDE/plugins/com.st.stm32cube.ide.mcu.externaltools.gnu-tools-for-stm32.11.3.rel1.win32_1.1.0.202305231506/tools/bin/../lib/gcc/arm-none-eabi/11.3.1/thumb/v7-m/nofp/crtn.o
                0x0000000020005000                _estack = (ORIGIN (RAM) + LENGTH (RAM))
                0x0000000000000200                _Min_Heap_Size = 0x200
                0x0000000000000400                _Min_Stack_Size = 0x400

.isr_vector     0x0000000008000000      0x130
                0x0000000008000000                . = ALIGN (0x4)
 *(.isr_vector)
 .isr_vector    0x0000000008000000      0x130 ./Startup/startup_stm32f103c8tx.o
                0x0000000008000000                g_pfnVectors
                0x0000000008000130                . = ALIGN (0x4)

.text           0x0000000008000130      0xb80
                0x0000000008000130                . = ALIGN (0x4)
 *(.text)
 .text          0x0000000008000130       0x40 C:/ST/STM32CubeIDE_1.13.1/STM32CubeIDE/plugins/com.st.stm32cube.ide.mcu.externaltools.gnu-tools-for-stm32.11.3.rel1.win32_1.1.0.202305231506/tools/bin/../lib/gcc/arm-none-eabi/11.3.1/thumb/v7-m/nofp/crtbegin.o
 *(.text*)
 .text.GPIO_u8PinInit
                0x0000000008000170      0x1c4 ./Src/GPIO_Prog.o
                0x0000000008000170                GPIO_u8PinInit
 .text.GPIO_u8SetPinValue
                0x0000000008000334       0x88 ./Src/GPIO_Prog.o
                0x0000000008000334                GPIO_u8SetPinValue
 .text.LED_u8PinInit
                0x00000000080003bc       0x28 ./Src/LED_Program.o
                0x00000000080003bc                LED_u8PinInit
 .text.LED_u8LedTurnON
                0x00000000080003e4       0x5a ./Src/LED_Program.o
                0x00000000080003e4                LED_u8LedTurnON
 .text.LED_u8LedTurnOff
                0x000000000800043e       0x5a ./Src/LED_Program.o
                0x000000000800043e                LED_u8LedTurnOff
 .text.RCC_voidAPB_2_EnableClk
                0x0000000008000498       0x30 ./Src/RCC_Program.o
                0x0000000008000498                RCC_voidAPB_2_EnableClk
 .text.SSD_u8PinInit
                0x00000000080004c8       0x28 ./Src/SSD_Prog.o
                0x00000000080004c8                SSD_u8PinInit
 .text.SSD_u8DisplayOn
                0x00000000080004f0       0x7c ./Src/SSD_Prog.o
                0x00000000080004f0                SSD_u8DisplayOn
 .text.SSD_u8DisplayOFF
                0x000000000800056c       0x7c ./Src/SSD_Prog.o
                0x000000000800056c                SSD_u8DisplayOFF
 .text.SSD_u8DisplayNumber
                0x00000000080005e8      0x24c ./Src/SSD_Prog.o
                0x00000000080005e8                SSD_u8DisplayNumber
 .text.SYSTICK_u8Delay_MS
                0x0000000008000834       0x9c ./Src/Systick_Prog.o
                0x0000000008000834                SYSTICK_u8Delay_MS
 .text.main     0x00000000080008d0      0x32c ./Src/main.o
                0x00000000080008d0                main
 .text.Reset_Handler
                0x0000000008000bfc       0x50 ./Startup/startup_stm32f103c8tx.o
                0x0000000008000bfc                Reset_Handler
 .text.Default_Handler
                0x0000000008000c4c        0x2 ./Startup/startup_stm32f103c8tx.o
                0x0000000008000c4c                EXTI2_IRQHandler
                0x0000000008000c4c                TIM8_TRG_COM_IRQHandler
                0x0000000008000c4c                TIM8_CC_IRQHandler
                0x0000000008000c4c                DebugMon_Handler
                0x0000000008000c4c                TIM1_CC_IRQHandler
                0x0000000008000c4c                HardFault_Handler
                0x0000000008000c4c                TIM6_IRQHandler
                0x0000000008000c4c                SysTick_Handler
                0x0000000008000c4c                PVD_IRQHandler
                0x0000000008000c4c                SDIO_IRQHandler
                0x0000000008000c4c                PendSV_Handler
                0x0000000008000c4c                NMI_Handler
                0x0000000008000c4c                EXTI3_IRQHandler
                0x0000000008000c4c                USB_HP_CAN_TX_IRQHandler
                0x0000000008000c4c                EXTI0_IRQHandler
                0x0000000008000c4c                I2C2_EV_IRQHandler
                0x0000000008000c4c                UsageFault_Handler
                0x0000000008000c4c                ADC1_2_IRQHandler
                0x0000000008000c4c                SPI1_IRQHandler
                0x0000000008000c4c                CAN_SCE_IRQHandler
                0x0000000008000c4c                TAMPER_IRQHandler
                0x0000000008000c4c                TIM8_UP_IRQHandler
                0x0000000008000c4c                DMA2_Channel2_IRQHandler
                0x0000000008000c4c                DMA1_Channel4_IRQHandler
                0x0000000008000c4c                USART3_IRQHandler
                0x0000000008000c4c                RTC_IRQHandler
                0x0000000008000c4c                DMA1_Channel7_IRQHandler
                0x0000000008000c4c                UART5_IRQHandler
                0x0000000008000c4c                ADC3_IRQHandler
                0x0000000008000c4c                TIM4_IRQHandler
                0x0000000008000c4c                CAN_RX1_IRQHandler
                0x0000000008000c4c                DMA2_Channel1_IRQHandler
                0x0000000008000c4c                I2C1_EV_IRQHandler
                0x0000000008000c4c                DMA1_Channel6_IRQHandler
                0x0000000008000c4c                UART4_IRQHandler
                0x0000000008000c4c                TIM3_IRQHandler
                0x0000000008000c4c                RCC_IRQHandler
                0x0000000008000c4c                TIM1_TRG_COM_IRQHandler
                0x0000000008000c4c                DMA1_Channel1_IRQHandler
                0x0000000008000c4c                Default_Handler
                0x0000000008000c4c                EXTI15_10_IRQHandler
                0x0000000008000c4c                TIM7_IRQHandler
                0x0000000008000c4c                TIM5_IRQHandler
                0x0000000008000c4c                EXTI9_5_IRQHandler
                0x0000000008000c4c                SPI2_IRQHandler
                0x0000000008000c4c                USB_LP_CAN_RX0_IRQHandler
                0x0000000008000c4c                MemManage_Handler
                0x0000000008000c4c                SVC_Handler
                0x0000000008000c4c                DMA1_Channel5_IRQHandler
                0x0000000008000c4c                EXTI4_IRQHandler
                0x0000000008000c4c                DMA1_Channel3_IRQHandler
                0x0000000008000c4c                FSMC_IRQHandler
                0x0000000008000c4c                TIM1_UP_IRQHandler
                0x0000000008000c4c                WWDG_IRQHandler
                0x0000000008000c4c                TIM2_IRQHandler
                0x0000000008000c4c                TIM1_BRK_IRQHandler
                0x0000000008000c4c                EXTI1_IRQHandler
                0x0000000008000c4c                RTCAlarm_IRQHandler
                0x0000000008000c4c                DMA2_Channel4_5_IRQHandler
                0x0000000008000c4c                USART2_IRQHandler
                0x0000000008000c4c                I2C2_ER_IRQHandler
                0x0000000008000c4c                DMA1_Channel2_IRQHandler
                0x0000000008000c4c                TIM8_BRK_IRQHandler
                0x0000000008000c4c                FLASH_IRQHandler
                0x0000000008000c4c                BusFault_Handler
                0x0000000008000c4c                USART1_IRQHandler
                0x0000000008000c4c                SPI3_IRQHandler
                0x0000000008000c4c                I2C1_ER_IRQHandler
                0x0000000008000c4c                DMA2_Channel3_IRQHandler
 *fill*         0x0000000008000c4e        0x2 
 .text.__libc_init_array
                0x0000000008000c50       0x48 C:/ST/STM32CubeIDE_1.13.1/STM32CubeIDE/plugins/com.st.stm32cube.ide.mcu.externaltools.gnu-tools-for-stm32.11.3.rel1.win32_1.1.0.202305231506/tools/bin/../lib/gcc/arm-none-eabi/11.3.1/../../../../arm-none-eabi/lib/thumb/v7-m/nofp\libc_nano.a(libc_a-init.o)
                0x0000000008000c50                __libc_init_array
 *(.glue_7)
 .glue_7        0x0000000008000c98        0x0 linker stubs
 *(.glue_7t)
 .glue_7t       0x0000000008000c98        0x0 linker stubs
 *(.eh_frame)
 .eh_frame      0x0000000008000c98        0x0 C:/ST/STM32CubeIDE_1.13.1/STM32CubeIDE/plugins/com.st.stm32cube.ide.mcu.externaltools.gnu-tools-for-stm32.11.3.rel1.win32_1.1.0.202305231506/tools/bin/../lib/gcc/arm-none-eabi/11.3.1/thumb/v7-m/nofp/crtbegin.o
 *(.init)
 .init          0x0000000008000c98        0x4 C:/ST/STM32CubeIDE_1.13.1/STM32CubeIDE/plugins/com.st.stm32cube.ide.mcu.externaltools.gnu-tools-for-stm32.11.3.rel1.win32_1.1.0.202305231506/tools/bin/../lib/gcc/arm-none-eabi/11.3.1/thumb/v7-m/nofp/crti.o
                0x0000000008000c98                _init
 .init          0x0000000008000c9c        0x8 C:/ST/STM32CubeIDE_1.13.1/STM32CubeIDE/plugins/com.st.stm32cube.ide.mcu.externaltools.gnu-tools-for-stm32.11.3.rel1.win32_1.1.0.202305231506/tools/bin/../lib/gcc/arm-none-eabi/11.3.1/thumb/v7-m/nofp/crtn.o
 *(.fini)
 .fini          0x0000000008000ca4        0x4 C:/ST/STM32CubeIDE_1.13.1/STM32CubeIDE/plugins/com.st.stm32cube.ide.mcu.externaltools.gnu-tools-for-stm32.11.3.rel1.win32_1.1.0.202305231506/tools/bin/../lib/gcc/arm-none-eabi/11.3.1/thumb/v7-m/nofp/crti.o
                0x0000000008000ca4                _fini
 .fini          0x0000000008000ca8        0x8 C:/ST/STM32CubeIDE_1.13.1/STM32CubeIDE/plugins/com.st.stm32cube.ide.mcu.externaltools.gnu-tools-for-stm32.11.3.rel1.win32_1.1.0.202305231506/tools/bin/../lib/gcc/arm-none-eabi/11.3.1/thumb/v7-m/nofp/crtn.o
                0x0000000008000cb0                . = ALIGN (0x4)
                0x0000000008000cb0                _etext = .

.vfp11_veneer   0x0000000008000cb0        0x0
 .vfp11_veneer  0x0000000008000cb0        0x0 linker stubs

.v4_bx          0x0000000008000cb0        0x0
 .v4_bx         0x0000000008000cb0        0x0 linker stubs

.iplt           0x0000000008000cb0        0x0
 .iplt          0x0000000008000cb0        0x0 C:/ST/STM32CubeIDE_1.13.1/STM32CubeIDE/plugins/com.st.stm32cube.ide.mcu.externaltools.gnu-tools-for-stm32.11.3.rel1.win32_1.1.0.202305231506/tools/bin/../lib/gcc/arm-none-eabi/11.3.1/thumb/v7-m/nofp/crtbegin.o

.rodata         0x0000000008000cb0        0x8
                0x0000000008000cb0                . = ALIGN (0x4)
 *(.rodata)
 .rodata        0x0000000008000cb0        0x7 ./Src/main.o
 *(.rodata*)
                0x0000000008000cb8                . = ALIGN (0x4)
 *fill*         0x0000000008000cb7        0x1 

.rel.dyn        0x0000000008000cb8        0x0
 .rel.iplt      0x0000000008000cb8        0x0 C:/ST/STM32CubeIDE_1.13.1/STM32CubeIDE/plugins/com.st.stm32cube.ide.mcu.externaltools.gnu-tools-for-stm32.11.3.rel1.win32_1.1.0.202305231506/tools/bin/../lib/gcc/arm-none-eabi/11.3.1/thumb/v7-m/nofp/crtbegin.o

.ARM.extab      0x0000000008000cb8        0x0
                0x0000000008000cb8                . = ALIGN (0x4)
 *(.ARM.extab* .gnu.linkonce.armextab.*)
                0x0000000008000cb8                . = ALIGN (0x4)

.ARM            0x0000000008000cb8        0x0
                0x0000000008000cb8                . = ALIGN (0x4)
                0x0000000008000cb8                __exidx_start = .
 *(.ARM.exidx*)
                0x0000000008000cb8                __exidx_end = .
                0x0000000008000cb8                . = ALIGN (0x4)

.preinit_array  0x0000000008000cb8        0x0
                0x0000000008000cb8                . = ALIGN (0x4)
                0x0000000008000cb8                PROVIDE (__preinit_array_start = .)
 *(.preinit_array*)
                0x0000000008000cb8                PROVIDE (__preinit_array_end = .)
                0x0000000008000cb8                . = ALIGN (0x4)

.init_array     0x0000000008000cb8        0x4
                0x0000000008000cb8                . = ALIGN (0x4)
                0x0000000008000cb8                PROVIDE (__init_array_start = .)
 *(SORT_BY_NAME(.init_array.*))
 *(.init_array*)
 .init_array    0x0000000008000cb8        0x4 C:/ST/STM32CubeIDE_1.13.1/STM32CubeIDE/plugins/com.st.stm32cube.ide.mcu.externaltools.gnu-tools-for-stm32.11.3.rel1.win32_1.1.0.202305231506/tools/bin/../lib/gcc/arm-none-eabi/11.3.1/thumb/v7-m/nofp/crtbegin.o
                0x0000000008000cbc                PROVIDE (__init_array_end = .)
                0x0000000008000cbc                . = ALIGN (0x4)

.fini_array     0x0000000008000cbc        0x4
                0x0000000008000cbc                . = ALIGN (0x4)
                [!provide]                        PROVIDE (__fini_array_start = .)
 *(SORT_BY_NAME(.fini_array.*))
 *(.fini_array*)
 .fini_array    0x0000000008000cbc        0x4 C:/ST/STM32CubeIDE_1.13.1/STM32CubeIDE/plugins/com.st.stm32cube.ide.mcu.externaltools.gnu-tools-for-stm32.11.3.rel1.win32_1.1.0.202305231506/tools/bin/../lib/gcc/arm-none-eabi/11.3.1/thumb/v7-m/nofp/crtbegin.o
                [!provide]                        PROVIDE (__fini_array_end = .)
                0x0000000008000cc0                . = ALIGN (0x4)
                0x0000000008000cc0                _sidata = LOADADDR (.data)

.data           0x0000000020000000       0x5c load address 0x0000000008000cc0
                0x0000000020000000                . = ALIGN (0x4)
                0x0000000020000000                _sdata = .
 *(.data)
 *(.data*)
 .data.GPIOPORT
                0x0000000020000000       0x1c ./Src/GPIO_Prog.o
 .data.RCC      0x000000002000001c        0x4 ./Src/RCC_Program.o
                0x000000002000001c                RCC
 .data.SSD_NUMBER_Arr
                0x0000000020000020       0x1e ./Src/SSD_Prog.o
                0x0000000020000020                SSD_NUMBER_Arr
 *fill*         0x000000002000003e        0x2 
 .data.SSD_LED_PORT
                0x0000000020000040        0x8 ./Src/SSD_Prog.o
                0x0000000020000040                SSD_LED_PORT
 .data.SSD_LED_PINS
                0x0000000020000048        0x8 ./Src/SSD_Prog.o
                0x0000000020000048                SSD_LED_PINS
 .data.SSD_EN_PORT
                0x0000000020000050        0x3 ./Src/SSD_Prog.o
                0x0000000020000050                SSD_EN_PORT
 *fill*         0x0000000020000053        0x1 
 .data.SSD_EN_PIN
                0x0000000020000054        0x3 ./Src/SSD_Prog.o
                0x0000000020000054                SSD_EN_PIN
 *fill*         0x0000000020000057        0x1 
 .data.SYSTICK  0x0000000020000058        0x4 ./Src/Systick_Prog.o
 *(.RamFunc)
 *(.RamFunc*)
                0x000000002000005c                . = ALIGN (0x4)
                0x000000002000005c                _edata = .

.igot.plt       0x000000002000005c        0x0 load address 0x0000000008000d1c
 .igot.plt      0x000000002000005c        0x0 C:/ST/STM32CubeIDE_1.13.1/STM32CubeIDE/plugins/com.st.stm32cube.ide.mcu.externaltools.gnu-tools-for-stm32.11.3.rel1.win32_1.1.0.202305231506/tools/bin/../lib/gcc/arm-none-eabi/11.3.1/thumb/v7-m/nofp/crtbegin.o
                0x000000002000005c                . = ALIGN (0x4)

.bss            0x000000002000005c       0x1c load address 0x0000000008000d1c
                0x000000002000005c                _sbss = .
                0x000000002000005c                __bss_start__ = _sbss
 *(.bss)
 .bss           0x000000002000005c       0x1c C:/ST/STM32CubeIDE_1.13.1/STM32CubeIDE/plugins/com.st.stm32cube.ide.mcu.externaltools.gnu-tools-for-stm32.11.3.rel1.win32_1.1.0.202305231506/tools/bin/../lib/gcc/arm-none-eabi/11.3.1/thumb/v7-m/nofp/crtbegin.o
 *(.bss*)
 *(COMMON)
                0x0000000020000078                . = ALIGN (0x4)
                0x0000000020000078                _ebss = .
                0x0000000020000078                __bss_end__ = _ebss

._user_heap_stack
                0x0000000020000078      0x600 load address 0x0000000008000d1c
                0x0000000020000078                . = ALIGN (0x8)
                [!provide]                        PROVIDE (end = .)
                0x0000000020000078                PROVIDE (_end = .)
                0x0000000020000278                . = (. + _Min_Heap_Size)
 *fill*         0x0000000020000078      0x200 
                0x0000000020000678                . = (. + _Min_Stack_Size)
 *fill*         0x0000000020000278      0x400 
                0x0000000020000678                . = ALIGN (0x8)

/DISCARD/
 libc.a(*)
 libm.a(*)
 libgcc.a(*)

.ARM.attributes
                0x0000000000000000       0x29
 *(.ARM.attributes)
 .ARM.attributes
                0x0000000000000000       0x1d C:/ST/STM32CubeIDE_1.13.1/STM32CubeIDE/plugins/com.st.stm32cube.ide.mcu.externaltools.gnu-tools-for-stm32.11.3.rel1.win32_1.1.0.202305231506/tools/bin/../lib/gcc/arm-none-eabi/11.3.1/thumb/v7-m/nofp/crti.o
 .ARM.attributes
                0x000000000000001d       0x2d C:/ST/STM32CubeIDE_1.13.1/STM32CubeIDE/plugins/com.st.stm32cube.ide.mcu.externaltools.gnu-tools-for-stm32.11.3.rel1.win32_1.1.0.202305231506/tools/bin/../lib/gcc/arm-none-eabi/11.3.1/thumb/v7-m/nofp/crtbegin.o
 .ARM.attributes
                0x000000000000004a       0x2d ./Src/GPIO_Prog.o
 .ARM.attributes
                0x0000000000000077       0x2d ./Src/LED_Program.o
 .ARM.attributes
                0x00000000000000a4       0x2d ./Src/RCC_Program.o
 .ARM.attributes
                0x00000000000000d1       0x2d ./Src/SSD_Prog.o
 .ARM.attributes
                0x00000000000000fe       0x2d ./Src/Systick_Prog.o
 .ARM.attributes
                0x000000000000012b       0x2d ./Src/main.o
 .ARM.attributes
                0x0000000000000158       0x21 ./Startup/startup_stm32f103c8tx.o
 .ARM.attributes
                0x0000000000000179       0x2d C:/ST/STM32CubeIDE_1.13.1/STM32CubeIDE/plugins/com.st.stm32cube.ide.mcu.externaltools.gnu-tools-for-stm32.11.3.rel1.win32_1.1.0.202305231506/tools/bin/../lib/gcc/arm-none-eabi/11.3.1/../../../../arm-none-eabi/lib/thumb/v7-m/nofp\libc_nano.a(libc_a-init.o)
 .ARM.attributes
                0x00000000000001a6       0x1d C:/ST/STM32CubeIDE_1.13.1/STM32CubeIDE/plugins/com.st.stm32cube.ide.mcu.externaltools.gnu-tools-for-stm32.11.3.rel1.win32_1.1.0.202305231506/tools/bin/../lib/gcc/arm-none-eabi/11.3.1/thumb/v7-m/nofp/crtn.o
OUTPUT(Traffic_Light_f103.elf elf32-littlearm)
LOAD linker stubs
LOAD C:/ST/STM32CubeIDE_1.13.1/STM32CubeIDE/plugins/com.st.stm32cube.ide.mcu.externaltools.gnu-tools-for-stm32.11.3.rel1.win32_1.1.0.202305231506/tools/bin/../lib/gcc/arm-none-eabi/11.3.1/../../../../arm-none-eabi/lib/thumb/v7-m/nofp\libc.a
LOAD C:/ST/STM32CubeIDE_1.13.1/STM32CubeIDE/plugins/com.st.stm32cube.ide.mcu.externaltools.gnu-tools-for-stm32.11.3.rel1.win32_1.1.0.202305231506/tools/bin/../lib/gcc/arm-none-eabi/11.3.1/../../../../arm-none-eabi/lib/thumb/v7-m/nofp\libm.a
LOAD C:/ST/STM32CubeIDE_1.13.1/STM32CubeIDE/plugins/com.st.stm32cube.ide.mcu.externaltools.gnu-tools-for-stm32.11.3.rel1.win32_1.1.0.202305231506/tools/bin/../lib/gcc/arm-none-eabi/11.3.1/thumb/v7-m/nofp\libgcc.a

.comment        0x0000000000000000       0x43
 .comment       0x0000000000000000       0x43 C:/ST/STM32CubeIDE_1.13.1/STM32CubeIDE/plugins/com.st.stm32cube.ide.mcu.externaltools.gnu-tools-for-stm32.11.3.rel1.win32_1.1.0.202305231506/tools/bin/../lib/gcc/arm-none-eabi/11.3.1/thumb/v7-m/nofp/crtbegin.o
                                         0x44 (size before relaxing)
 .comment       0x0000000000000043       0x44 ./Src/GPIO_Prog.o
 .comment       0x0000000000000043       0x44 ./Src/LED_Program.o
 .comment       0x0000000000000043       0x44 ./Src/RCC_Program.o
 .comment       0x0000000000000043       0x44 ./Src/SSD_Prog.o
 .comment       0x0000000000000043       0x44 ./Src/Systick_Prog.o
 .comment       0x0000000000000043       0x44 ./Src/main.o

.debug_info     0x0000000000000000     0x1a47
 .debug_info    0x0000000000000000      0x4d7 ./Src/GPIO_Prog.o
 .debug_info    0x00000000000004d7      0x3b6 ./Src/LED_Program.o
 .debug_info    0x000000000000088d      0x6af ./Src/RCC_Program.o
 .debug_info    0x0000000000000f3c      0x41f ./Src/SSD_Prog.o
 .debug_info    0x000000000000135b      0x1ae ./Src/Systick_Prog.o
 .debug_info    0x0000000000001509      0x51b ./Src/main.o
 .debug_info    0x0000000000001a24       0x23 ./Startup/startup_stm32f103c8tx.o

.debug_abbrev   0x0000000000000000      0x683
 .debug_abbrev  0x0000000000000000      0x101 ./Src/GPIO_Prog.o
 .debug_abbrev  0x0000000000000101       0xf0 ./Src/LED_Program.o
 .debug_abbrev  0x00000000000001f1      0x17b ./Src/RCC_Program.o
 .debug_abbrev  0x000000000000036c      0x118 ./Src/SSD_Prog.o
 .debug_abbrev  0x0000000000000484       0xe5 ./Src/Systick_Prog.o
 .debug_abbrev  0x0000000000000569      0x108 ./Src/main.o
 .debug_abbrev  0x0000000000000671       0x12 ./Startup/startup_stm32f103c8tx.o

.debug_aranges  0x0000000000000000      0x188
 .debug_aranges
                0x0000000000000000       0x40 ./Src/GPIO_Prog.o
 .debug_aranges
                0x0000000000000040       0x38 ./Src/LED_Program.o
 .debug_aranges
                0x0000000000000078       0x68 ./Src/RCC_Program.o
 .debug_aranges
                0x00000000000000e0       0x38 ./Src/SSD_Prog.o
 .debug_aranges
                0x0000000000000118       0x28 ./Src/Systick_Prog.o
 .debug_aranges
                0x0000000000000140       0x20 ./Src/main.o
 .debug_aranges
                0x0000000000000160       0x28 ./Startup/startup_stm32f103c8tx.o

.debug_rnglists
                0x0000000000000000      0x11f
 .debug_rnglists
                0x0000000000000000       0x41 ./Src/GPIO_Prog.o
 .debug_rnglists
                0x0000000000000041       0x25 ./Src/LED_Program.o
 .debug_rnglists
                0x0000000000000066       0x4b ./Src/RCC_Program.o
 .debug_rnglists
                0x00000000000000b1       0x26 ./Src/SSD_Prog.o
 .debug_rnglists
                0x00000000000000d7       0x1b ./Src/Systick_Prog.o
 .debug_rnglists
                0x00000000000000f2       0x14 ./Src/main.o
 .debug_rnglists
                0x0000000000000106       0x19 ./Startup/startup_stm32f103c8tx.o

.debug_macro    0x0000000000000000     0x160e
 .debug_macro   0x0000000000000000       0x91 ./Src/GPIO_Prog.o
 .debug_macro   0x0000000000000091      0xaa2 ./Src/GPIO_Prog.o
 .debug_macro   0x0000000000000b33       0x22 ./Src/GPIO_Prog.o
 .debug_macro   0x0000000000000b55       0x8e ./Src/GPIO_Prog.o
 .debug_macro   0x0000000000000be3       0x51 ./Src/GPIO_Prog.o
 .debug_macro   0x0000000000000c34      0x103 ./Src/GPIO_Prog.o
 .debug_macro   0x0000000000000d37       0x6a ./Src/GPIO_Prog.o
 .debug_macro   0x0000000000000da1      0x1df ./Src/GPIO_Prog.o
 .debug_macro   0x0000000000000f80       0x76 ./Src/GPIO_Prog.o
 .debug_macro   0x0000000000000ff6       0x34 ./Src/GPIO_Prog.o
 .debug_macro   0x000000000000102a       0x70 ./Src/GPIO_Prog.o
 .debug_macro   0x000000000000109a       0x46 ./Src/GPIO_Prog.o
 .debug_macro   0x00000000000010e0       0x92 ./Src/LED_Program.o
 .debug_macro   0x0000000000001172       0x16 ./Src/LED_Program.o
 .debug_macro   0x0000000000001188       0x97 ./Src/RCC_Program.o
 .debug_macro   0x000000000000121f       0x22 ./Src/RCC_Program.o
 .debug_macro   0x0000000000001241       0x9a ./Src/SSD_Prog.o
 .debug_macro   0x00000000000012db       0x94 ./Src/SSD_Prog.o
 .debug_macro   0x000000000000136f       0xee ./Src/SSD_Prog.o
 .debug_macro   0x000000000000145d       0x16 ./Src/SSD_Prog.o
 .debug_macro   0x0000000000001473       0xa0 ./Src/Systick_Prog.o
 .debug_macro   0x0000000000001513       0x10 ./Src/Systick_Prog.o
 .debug_macro   0x0000000000001523       0x46 ./Src/Systick_Prog.o
 .debug_macro   0x0000000000001569       0xa5 ./Src/main.o

.debug_line     0x0000000000000000     0x235a
 .debug_line    0x0000000000000000      0x6a2 ./Src/GPIO_Prog.o
 .debug_line    0x00000000000006a2      0x51e ./Src/LED_Program.o
 .debug_line    0x0000000000000bc0      0x61f ./Src/RCC_Program.o
 .debug_line    0x00000000000011df      0x6c8 ./Src/SSD_Prog.o
 .debug_line    0x00000000000018a7      0x4ec ./Src/Systick_Prog.o
 .debug_line    0x0000000000001d93      0x54c ./Src/main.o
 .debug_line    0x00000000000022df       0x7b ./Startup/startup_stm32f103c8tx.o

.debug_str      0x0000000000000000     0x542c
 .debug_str     0x0000000000000000     0x438f ./Src/GPIO_Prog.o
                                       0x4560 (size before relaxing)
 .debug_str     0x000000000000438f       0xda ./Src/LED_Program.o
                                       0x4234 (size before relaxing)
 .debug_str     0x0000000000004469      0x757 ./Src/RCC_Program.o
                                       0x491c (size before relaxing)
 .debug_str     0x0000000000004bc0      0x537 ./Src/SSD_Prog.o
                                       0x4670 (size before relaxing)
 .debug_str     0x00000000000050f7      0x23e ./Src/Systick_Prog.o
                                       0x43fc (size before relaxing)
 .debug_str     0x0000000000005335       0xc8 ./Src/main.o
                                       0x44b1 (size before relaxing)
 .debug_str     0x00000000000053fd       0x2f ./Startup/startup_stm32f103c8tx.o
                                         0x6f (size before relaxing)

.debug_frame    0x0000000000000000      0x47c
 .debug_frame   0x0000000000000000       0xd8 ./Src/GPIO_Prog.o
 .debug_frame   0x00000000000000d8       0xa0 ./Src/LED_Program.o
 .debug_frame   0x0000000000000178      0x1a0 ./Src/RCC_Program.o
 .debug_frame   0x0000000000000318       0xa8 ./Src/SSD_Prog.o
 .debug_frame   0x00000000000003c0       0x60 ./Src/Systick_Prog.o
 .debug_frame   0x0000000000000420       0x30 ./Src/main.o
 .debug_frame   0x0000000000000450       0x2c C:/ST/STM32CubeIDE_1.13.1/STM32CubeIDE/plugins/com.st.stm32cube.ide.mcu.externaltools.gnu-tools-for-stm32.11.3.rel1.win32_1.1.0.202305231506/tools/bin/../lib/gcc/arm-none-eabi/11.3.1/../../../../arm-none-eabi/lib/thumb/v7-m/nofp\libc_nano.a(libc_a-init.o)

.debug_line_str
                0x0000000000000000       0x63
 .debug_line_str
                0x0000000000000000       0x63 ./Startup/startup_stm32f103c8tx.o
                                         0x7b (size before relaxing)
